<table>
  <tr class="odd">
    <td>1</td>
    <td>Haruhi</td>
  </tr>
  <tr class="even">
    <td>2</td>
    <td>Mikuru</td>
  </tr>
  <tr class="odd">
    <td>3</td>
    <td>Yuki</td>
  </tr>
</table>
